CRITICAL:root:Critical message by studemt module
ERROR:root:error message by student module
WARNING:root:warning message by student module
INFO:root:info message by student module
DEBUG:root:debug message by student module
CRITICAL:root:critical message by test module
ERROR:root:error message by test module
WARNING:root:warning message by test module
INFO:root:info message by test module
DEBUG:root:debug message by test module
